<?php return array (
  0 => 'Symfony\\Bundle\\FrameworkBundle\\Controller\\AbstractController',
  1 => 'App\\Controller\\AgentCollecteController',
  2 => 'App\\Controller\\ContributeurController',
  3 => 'App\\Controller\\ControllerRessources\\ExcedentController',
  4 => 'App\\Controller\\ControllerRessources\\RecetteNonFiscaleController',
  5 => 'App\\Controller\\ControllerRessources\\RistourneController',
  6 => 'App\\Controller\\HomeController',
  7 => 'App\\Controller\\ImpotAssiValeurController',
  8 => 'App\\Controller\\ImpotCFNPBController',
  9 => 'App\\Controller\\ImpotCFPBController',
  10 => 'App\\Controller\\ImpotTOMController',
  11 => 'App\\Controller\\ProprieteController',
  12 => 'App\\Controller\\RegistrationController',
  13 => 'App\\Controller\\ResourceController',
  14 => 'App\\Controller\\SecurityController',
  15 => 'App\\Controller\\SiteCollecteController',
  16 => 'App\\Controller\\TaxController',
  17 => 'App\\Controller\\TaxDetailController',
  18 => 'App\\Controller\\TaxTypeController',
  19 => 'App\\Controller\\TypeImpotController',
  20 => 'App\\Controller\\TypeImpotsController',
  21 => 'App\\Entity\\AgentCollecte',
  22 => 'App\\Entity\\Contributeurs',
  23 => 'App\\Entity\\Excedent',
  24 => 'App\\Entity\\Impot',
  25 => 'App\\Entity\\ImpotAssiValeur',
  26 => 'App\\Entity\\ImpotCFNPB',
  27 => 'App\\Entity\\ImpotCFPB',
  28 => 'App\\Entity\\ImpotTOM',
  29 => 'App\\Entity\\Propriete',
  30 => 'App\\Entity\\RecetteNonFiscale',
  31 => 'App\\Entity\\Ressource',
  32 => 'App\\Entity\\Ristourne',
  33 => 'App\\Entity\\SiteCollecte',
  34 => 'App\\Entity\\Tax',
  35 => 'App\\Entity\\TaxDetail',
  36 => 'App\\Entity\\TypeImp',
  37 => 'App\\Entity\\TypeImpots',
  38 => 'App\\Entity\\User',
  39 => 'Doctrine\\Bundle\\DoctrineBundle\\Controller\\ProfilerController',
  40 => 'Doctrine\\ORM\\Cache\\Persister\\Entity\\AbstractEntityPersister',
  41 => 'Doctrine\\ORM\\Cache\\Persister\\Entity\\CachedEntityPersister',
  42 => 'Doctrine\\ORM\\Cache\\Persister\\Entity\\NonStrictReadWriteCachedEntityPersister',
  43 => 'Doctrine\\ORM\\Cache\\Persister\\Entity\\ReadOnlyCachedEntityPersister',
  44 => 'Doctrine\\ORM\\Cache\\Persister\\Entity\\ReadWriteCachedEntityPersister',
  45 => 'Doctrine\\ORM\\Persisters\\Entity\\AbstractEntityInheritancePersister',
  46 => 'Doctrine\\ORM\\Persisters\\Entity\\BasicEntityPersister',
  47 => 'Doctrine\\ORM\\Persisters\\Entity\\CachedPersisterContext',
  48 => 'Doctrine\\ORM\\Persisters\\Entity\\EntityPersister',
  49 => 'Doctrine\\ORM\\Persisters\\Entity\\JoinedSubclassPersister',
  50 => 'Doctrine\\ORM\\Persisters\\Entity\\SingleTablePersister',
  51 => 'SymfonyCasts\\Bundle\\ResetPassword\\Controller\\ResetPasswordControllerTrait',
  53 => 'Symfony\\Bundle\\FrameworkBundle\\Controller\\ControllerResolver',
  54 => 'Symfony\\Bundle\\FrameworkBundle\\Controller\\RedirectController',
  55 => 'Symfony\\Bundle\\FrameworkBundle\\Controller\\TemplateController',
  56 => 'Symfony\\Bundle\\WebProfilerBundle\\Controller\\ExceptionPanelController',
  57 => 'Symfony\\Bundle\\WebProfilerBundle\\Controller\\ProfilerController',
  58 => 'Symfony\\Bundle\\WebProfilerBundle\\Controller\\RouterController',
  59 => 'Symfony\\Component\\HttpKernel\\Controller\\ArgumentResolver',
  60 => 'Symfony\\Component\\HttpKernel\\Controller\\ArgumentResolverInterface',
  61 => 'Symfony\\Component\\HttpKernel\\Controller\\ArgumentResolver\\DefaultValueResolver',
  62 => 'Symfony\\Component\\HttpKernel\\Controller\\ArgumentResolver\\NotTaggedControllerValueResolver',
  63 => 'Symfony\\Component\\HttpKernel\\Controller\\ArgumentResolver\\RequestAttributeValueResolver',
  64 => 'Symfony\\Component\\HttpKernel\\Controller\\ArgumentResolver\\RequestValueResolver',
  65 => 'Symfony\\Component\\HttpKernel\\Controller\\ArgumentResolver\\ServiceValueResolver',
  66 => 'Symfony\\Component\\HttpKernel\\Controller\\ArgumentResolver\\SessionValueResolver',
  67 => 'Symfony\\Component\\HttpKernel\\Controller\\ArgumentResolver\\TraceableValueResolver',
  68 => 'Symfony\\Component\\HttpKernel\\Controller\\ArgumentResolver\\VariadicValueResolver',
  69 => 'Symfony\\Component\\HttpKernel\\Controller\\ArgumentValueResolverInterface',
  70 => 'Symfony\\Component\\HttpKernel\\Controller\\ContainerControllerResolver',
  71 => 'Symfony\\Component\\HttpKernel\\Controller\\ControllerReference',
  72 => 'Symfony\\Component\\HttpKernel\\Controller\\ControllerResolver',
  73 => 'Symfony\\Component\\HttpKernel\\Controller\\ControllerResolverInterface',
  74 => 'Symfony\\Component\\HttpKernel\\Controller\\ErrorController',
  75 => 'Symfony\\Component\\HttpKernel\\Controller\\TraceableArgumentResolver',
  76 => 'Symfony\\Component\\HttpKernel\\Controller\\TraceableControllerResolver',
  77 => 'Symfony\\Component\\Security\\Http\\Controller\\UserValueResolver',
);